// Jest Snapshot v1, https://goo.gl/fbAQLP

exports[`should error if no action matches dispatched type 1`] = `"No handler is defined for this type of action"`;
